$ graft init deps
✓ created graft.toml (dir: deps)

$ graft lock
✓ updated graft.lock

$ graft apply
error: content integrity check failed for "dep0"

  expected  sha256:<hash>
  got       sha256:<hash>

  the installed content does not match what was locked — usually a
  hand-edited vendor directory or a manually altered lockfile
  run `graft apply` after restoring the lockfile, or `graft add dep0@<ref>`
  to deliberately re-pin and re-lock

error: content integrity check failed for "dep1"

  expected  sha256:<hash>
  got       sha256:<hash>

  the installed content does not match what was locked — usually a
  hand-edited vendor directory or a manually altered lockfile
  run `graft apply` after restoring the lockfile, or `graft add dep1@<ref>`
  to deliberately re-pin and re-lock
[exit 4]

