$ graft init deps
✓ created graft.toml (dir: deps)

$ graft status
✗ dep0  -  out of sync
✗ dep1  -  out of sync
[exit 2]

$ graft lock
✓ updated graft.lock

$ graft apply
✓ installed dep0 v1.0.0 (<commit-remote-v1>)
✓ installed dep1 v2.0.0 (<commit-remote-v2>)

$ graft status
✓ dep0  <commit-remote-v1> (v1.0.0)  ok
✓ dep1  <commit-remote-v2> (v2.0.0)  ok

$ graft status
✗ dep0       <commit-remote-v1> (v1.0.0)  modified
✗ dep1       <commit-remote-v2> (v2.0.0)  missing
✗ deps/junk  -                 extra
[exit 1]

$ graft status
✗ dep0       <commit-remote-v1> (v1.0.0)  modified
✗ dep1       -                 out of sync
✗ deps/junk  -                 extra
[exit 2]

